// Vitest Snapshot v1, https://vitest.dev/guide/snapshot.html

exports[`Cart component > Cart component matches snapshot 1`] = `
<section
  id="_cart_c7a017"
  role="region"
>
  Cart
  <article>
    <h4>
      Opna Women's Short Sleeve Moisture
    </h4>
    <a
      href="/shop/product/view/Opna%20Women's%20Short%20Sleeve%20Moisture"
    >
      <picture
        class="_product-picture_c7a017"
      >
        <img
          alt="#"
          class="_product-img_c43253"
          loading="lazy"
          src="https://fakestoreapi.com/img/51eg55uWmdL._AC_UX679_.jpg"
        />
      </picture>
    </a>
    <form
      novalidate=""
    >
      <p>
        $7.95
      </p>
      <div>
        <label
          for="quantity"
        />
        <div
          class="input-container _input-btn-container_e589d5"
        >
          <button
            aria-label="decrement quantity"
            class="_input-btn-left_e589d5"
            type="button"
          >
            <svg
              fill="currentColor"
              height="24px"
              viewBox="0 -960 960 960"
              width="24px"
              xmlns="http://www.w3.org/2000/svg"
            >
              <path
                d="M200-440v-80h560v80H200Z"
              />
            </svg>
          </button>
          <input
            autocomplete="off"
            class="quantity-input _input_e589d5"
            id="quantity"
            maxlength="3"
            minlength="1"
            name="quantity"
            type="text"
            value="1"
          />
          <button
            aria-label="increment quantity"
            class="_input-btn-right_e589d5"
            type="button"
          >
            <svg
              fill="currentColor"
              height="24px"
              viewBox="0 -960 960 960"
              width="24px"
              xmlns="http://www.w3.org/2000/svg"
            >
              <path
                d="M440-440H200v-80h240v-240h80v240h240v80H520v240h-80v-240Z"
              />
            </svg>
          </button>
        </div>
        <p
          class="error-message _input-error_e589d5"
        />
      </div>
      <button
        class="_submit-btn_1666d4"
        type="submit"
      >
        Delete
      </button>
    </form>
  </article>
  <p>
    Subtotal: 
    <span>
      $7.95
    </span>
  </p>
</section>
`;
