// Vitest Snapshot v1, https://vitest.dev/guide/snapshot.html

exports[`Category component (Outlet) > Category component is rendered 1`] = `
<div>
  <section
    id="shop"
  >
    Shop section
    <article>
      <ul
        class="product-categories"
      >
        <li>
          <a
            href="/shop/category/all"
          >
            all
          </a>
        </li>
        <li>
          <a
            href="/shop/category/electronics"
          >
            electronics
          </a>
        </li>
        <li>
          <a
            href="/shop/category/jewelery"
          >
            jewelery
          </a>
        </li>
        <li>
          <a
            href="/shop/category/men's-clothing"
          >
            men's clothing
          </a>
        </li>
        <li>
          <a
            href="/shop/category/women's-clothing"
          >
            women's clothing
          </a>
        </li>
      </ul>
    </article>
    <section>
      <h2>
        Category
      </h2>
      <h3>
        all
      </h3>
      <section
        role="region"
      >
        <article>
          <a
            href="/shop/product/Fjallraven%20-%20Foldsack%20No.%201%20Backpack%2C%20Fits%2015%20Laptops"
          >
            <picture>
              <img
                alt="#"
                loading="lazy"
                src="https://fakestoreapi.com/img/81fPKd-2AYL._AC_SL1500_.jpg"
              />
            </picture>
          </a>
          <div
            class="info"
          >
            <h4>
              Fjallraven - Foldsack No. 1 Backpack, Fits 15 Laptops
            </h4>
          </div>
        </article>
        <article>
          <a
            href="/shop/product/Mens%20Casual%20Premium%20Slim%20Fit%20T-Shirts%20"
          >
            <picture>
              <img
                alt="#"
                loading="lazy"
                src="https://fakestoreapi.com/img/71-3HjGNDUL._AC_SY879._SX._UX._SY._UY_.jpg"
              />
            </picture>
          </a>
          <div
            class="info"
          >
            <h4>
              Mens Casual Premium Slim Fit T-Shirts 
            </h4>
          </div>
        </article>
        <article>
          <a
            href="/shop/product/Mens%20Cotton%20Jacket"
          >
            <picture>
              <img
                alt="#"
                loading="lazy"
                src="https://fakestoreapi.com/img/71li-ujtlUL._AC_UX679_.jpg"
              />
            </picture>
          </a>
          <div
            class="info"
          >
            <h4>
              Mens Cotton Jacket
            </h4>
          </div>
        </article>
        <article>
          <a
            href="/shop/product/Mens%20Casual%20Slim%20Fit"
          >
            <picture>
              <img
                alt="#"
                loading="lazy"
                src="https://fakestoreapi.com/img/71YXzeOuslL._AC_UY879_.jpg"
              />
            </picture>
          </a>
          <div
            class="info"
          >
            <h4>
              Mens Casual Slim Fit
            </h4>
          </div>
        </article>
        <article>
          <a
            href="/shop/product/John%20Hardy%20Women's%20Legends%20Naga%20Gold%20%26%20Silver%20Dragon%20Station%20Chain%20Bracelet"
          >
            <picture>
              <img
                alt="#"
                loading="lazy"
                src="https://fakestoreapi.com/img/71pWzhdJNwL._AC_UL640_QL65_ML3_.jpg"
              />
            </picture>
          </a>
          <div
            class="info"
          >
            <h4>
              John Hardy Women's Legends Naga Gold & Silver Dragon Station Chain Bracelet
            </h4>
          </div>
        </article>
        <article>
          <a
            href="/shop/product/Solid%20Gold%20Petite%20Micropave%20"
          >
            <picture>
              <img
                alt="#"
                loading="lazy"
                src="https://fakestoreapi.com/img/61sbMiUnoGL._AC_UL640_QL65_ML3_.jpg"
              />
            </picture>
          </a>
          <div
            class="info"
          >
            <h4>
              Solid Gold Petite Micropave 
            </h4>
          </div>
        </article>
        <article>
          <a
            href="/shop/product/White%20Gold%20Plated%20Princess"
          >
            <picture>
              <img
                alt="#"
                loading="lazy"
                src="https://fakestoreapi.com/img/71YAIFU48IL._AC_UL640_QL65_ML3_.jpg"
              />
            </picture>
          </a>
          <div
            class="info"
          >
            <h4>
              White Gold Plated Princess
            </h4>
          </div>
        </article>
        <article>
          <a
            href="/shop/product/Pierced%20Owl%20Rose%20Gold%20Plated%20Stainless%20Steel%20Double"
          >
            <picture>
              <img
                alt="#"
                loading="lazy"
                src="https://fakestoreapi.com/img/51UDEzMJVpL._AC_UL640_QL65_ML3_.jpg"
              />
            </picture>
          </a>
          <div
            class="info"
          >
            <h4>
              Pierced Owl Rose Gold Plated Stainless Steel Double
            </h4>
          </div>
        </article>
        <article>
          <a
            href="/shop/product/WD%202TB%20Elements%20Portable%20External%20Hard%20Drive%20-%20USB%203.0%20"
          >
            <picture>
              <img
                alt="#"
                loading="lazy"
                src="https://fakestoreapi.com/img/61IBBVJvSDL._AC_SY879_.jpg"
              />
            </picture>
          </a>
          <div
            class="info"
          >
            <h4>
              WD 2TB Elements Portable External Hard Drive - USB 3.0 
            </h4>
          </div>
        </article>
        <article>
          <a
            href="/shop/product/SanDisk%20SSD%20PLUS%201TB%20Internal%20SSD%20-%20SATA%20III%206%20Gb%2Fs"
          >
            <picture>
              <img
                alt="#"
                loading="lazy"
                src="https://fakestoreapi.com/img/61U7T1koQqL._AC_SX679_.jpg"
              />
            </picture>
          </a>
          <div
            class="info"
          >
            <h4>
              SanDisk SSD PLUS 1TB Internal SSD - SATA III 6 Gb/s
            </h4>
          </div>
        </article>
        <article>
          <a
            href="/shop/product/Silicon%20Power%20256GB%20SSD%203D%20NAND%20A55%20SLC%20Cache%20Performance%20Boost%20SATA%20III%202.5"
          >
            <picture>
              <img
                alt="#"
                loading="lazy"
                src="https://fakestoreapi.com/img/71kWymZ+c+L._AC_SX679_.jpg"
              />
            </picture>
          </a>
          <div
            class="info"
          >
            <h4>
              Silicon Power 256GB SSD 3D NAND A55 SLC Cache Performance Boost SATA III 2.5
            </h4>
          </div>
        </article>
        <article>
          <a
            href="/shop/product/WD%204TB%20Gaming%20Drive%20Works%20with%20Playstation%204%20Portable%20External%20Hard%20Drive"
          >
            <picture>
              <img
                alt="#"
                loading="lazy"
                src="https://fakestoreapi.com/img/61mtL65D4cL._AC_SX679_.jpg"
              />
            </picture>
          </a>
          <div
            class="info"
          >
            <h4>
              WD 4TB Gaming Drive Works with Playstation 4 Portable External Hard Drive
            </h4>
          </div>
        </article>
        <article>
          <a
            href="/shop/product/Acer%20SB220Q%20bi%2021.5%20inches%20Full%20HD%20(1920%20x%201080)%20IPS%20Ultra-Thin"
          >
            <picture>
              <img
                alt="#"
                loading="lazy"
                src="https://fakestoreapi.com/img/81QpkIctqPL._AC_SX679_.jpg"
              />
            </picture>
          </a>
          <div
            class="info"
          >
            <h4>
              Acer SB220Q bi 21.5 inches Full HD (1920 x 1080) IPS Ultra-Thin
            </h4>
          </div>
        </article>
        <article>
          <a
            href="/shop/product/Samsung%2049-Inch%20CHG90%20144Hz%20Curved%20Gaming%20Monitor%20(LC49HG90DMNXZA)%20%E2%80%93%20Super%20Ultrawide%20Screen%20QLED%20"
          >
            <picture>
              <img
                alt="#"
                loading="lazy"
                src="https://fakestoreapi.com/img/81Zt42ioCgL._AC_SX679_.jpg"
              />
            </picture>
          </a>
          <div
            class="info"
          >
            <h4>
              Samsung 49-Inch CHG90 144Hz Curved Gaming Monitor (LC49HG90DMNXZA) – Super Ultrawide Screen QLED 
            </h4>
          </div>
        </article>
        <article>
          <a
            href="/shop/product/BIYLACLESEN%20Women's%203-in-1%20Snowboard%20Jacket%20Winter%20Coats"
          >
            <picture>
              <img
                alt="#"
                loading="lazy"
                src="https://fakestoreapi.com/img/51Y5NI-I5jL._AC_UX679_.jpg"
              />
            </picture>
          </a>
          <div
            class="info"
          >
            <h4>
              BIYLACLESEN Women's 3-in-1 Snowboard Jacket Winter Coats
            </h4>
          </div>
        </article>
        <article>
          <a
            href="/shop/product/Lock%20and%20Love%20Women's%20Removable%20Hooded%20Faux%20Leather%20Moto%20Biker%20Jacket"
          >
            <picture>
              <img
                alt="#"
                loading="lazy"
                src="https://fakestoreapi.com/img/81XH0e8fefL._AC_UY879_.jpg"
              />
            </picture>
          </a>
          <div
            class="info"
          >
            <h4>
              Lock and Love Women's Removable Hooded Faux Leather Moto Biker Jacket
            </h4>
          </div>
        </article>
        <article>
          <a
            href="/shop/product/Rain%20Jacket%20Women%20Windbreaker%20Striped%20Climbing%20Raincoats"
          >
            <picture>
              <img
                alt="#"
                loading="lazy"
                src="https://fakestoreapi.com/img/71HblAHs5xL._AC_UY879_-2.jpg"
              />
            </picture>
          </a>
          <div
            class="info"
          >
            <h4>
              Rain Jacket Women Windbreaker Striped Climbing Raincoats
            </h4>
          </div>
        </article>
        <article>
          <a
            href="/shop/product/MBJ%20Women's%20Solid%20Short%20Sleeve%20Boat%20Neck%20V%20"
          >
            <picture>
              <img
                alt="#"
                loading="lazy"
                src="https://fakestoreapi.com/img/71z3kpMAYsL._AC_UY879_.jpg"
              />
            </picture>
          </a>
          <div
            class="info"
          >
            <h4>
              MBJ Women's Solid Short Sleeve Boat Neck V 
            </h4>
          </div>
        </article>
        <article>
          <a
            href="/shop/product/Opna%20Women's%20Short%20Sleeve%20Moisture"
          >
            <picture>
              <img
                alt="#"
                loading="lazy"
                src="https://fakestoreapi.com/img/51eg55uWmdL._AC_UX679_.jpg"
              />
            </picture>
          </a>
          <div
            class="info"
          >
            <h4>
              Opna Women's Short Sleeve Moisture
            </h4>
          </div>
        </article>
        <article>
          <a
            href="/shop/product/DANVOUY%20Womens%20T%20Shirt%20Casual%20Cotton%20Short"
          >
            <picture>
              <img
                alt="#"
                loading="lazy"
                src="https://fakestoreapi.com/img/61pHAEJ4NML._AC_UX679_.jpg"
              />
            </picture>
          </a>
          <div
            class="info"
          >
            <h4>
              DANVOUY Womens T Shirt Casual Cotton Short
            </h4>
          </div>
        </article>
      </section>
    </section>
  </section>
</div>
`;
