// Vitest Snapshot v1, https://vitest.dev/guide/snapshot.html

exports[`Category component (Outlet) > Category component is rendered 1`] = `
<div>
  <div
    id="_app_61351a"
  >
    <header
      class="_header_a9d33c"
    >
      <nav
        class="_nav_a9d33c"
      >
        <ul
          class="_nav-left_a9d33c"
        >
          <li>
            <a
              href="/"
            >
              <svg
                class="_logo_97191f"
                data-name="Layer 1"
                height="741.04834"
                viewBox="0 0 888 741.04834"
                width="888"
                xmlns="http://www.w3.org/2000/svg"
                xmlns:xlink="http://www.w3.org/1999/xlink"
              >
                <path
                  d="M521.89611,253.85607H517.8642v-110.453a63.92718,63.92718,0,0,0-63.92738-63.92726H219.92738A63.92718,63.92718,0,0,0,156,143.40309V749.35675A63.92719,63.92719,0,0,0,219.92738,813.284H453.93682a63.92719,63.92719,0,0,0,63.92738-63.92726V332.47837h4.03191Z"
                  fill="#e6e6e6"
                  transform="translate(-156 -79.47583)"
                />
                <path
                  d="M456.51633,96.10749h-30.546a22.68123,22.68123,0,0,1-20.99971,31.24733H270.90951a22.68123,22.68123,0,0,1-20.99972-31.24733h-28.53a47.74011,47.74011,0,0,0-47.74018,47.74005V748.91223a47.74012,47.74012,0,0,0,47.74018,47.74012H456.51633a47.74012,47.74012,0,0,0,47.74018-47.74012V143.84754A47.74011,47.74011,0,0,0,456.51633,96.10749Z"
                  fill="#fff"
                  transform="translate(-156 -79.47583)"
                />
                <path
                  d="M269.67241,219.11054H255.63313a1.86134,1.86134,0,0,0-1.86133,1.86133v6.16225a1.86134,1.86134,0,0,0,1.86133,1.86133h2.32651v9.23317h9.38625v-9.23317h2.32652a1.86133,1.86133,0,0,0,1.86132-1.86133v-6.16225A1.86133,1.86133,0,0,0,269.67241,219.11054Z"
                  fill="#e6e6e6"
                  transform="translate(-156 -79.47583)"
                />
                <path
                  d="M283.73425,275.50749a72.178,72.178,0,0,1-12.55683-42.79357,1.52226,1.52226,0,0,0-1.18821-1.5191v-2.66269H255.16187v2.62568h-.2043a1.52142,1.52142,0,0,0-1.51944,1.52339q.00006.05544.00418.11074,1.75218,24.42494-11.83339,43.8076a4.19288,4.19288,0,0,0-.75883,2.541l1.62129,50.15132a4.34147,4.34147,0,0,0,4.30433,4.19019h33.53723a4.343,4.343,0,0,0,4.30692-4.26409l.62478-48.69283A8.78784,8.78784,0,0,0,283.73425,275.50749Z"
                  fill="#e6e6e6"
                  transform="translate(-156 -79.47583)"
                />
                <path
                  d="M278.42523,292.16618H249.23369a2.997,2.997,0,0,0-2.96218,3.45275l4.41126,28.67321h25.33006l5.3581-28.5766a2.997,2.997,0,0,0-2.9457-3.54936Z"
                  fill="#fff"
                  transform="translate(-156 -79.47583)"
                />
                <path
                  d="M425.95669,369.34511H411.91741a1.86133,1.86133,0,0,0-1.86133,1.86132v6.16226a1.86134,1.86134,0,0,0,1.86133,1.86133h2.32651v9.23316h9.38625V379.23h2.32652a1.86133,1.86133,0,0,0,1.86132-1.86133v-6.16226A1.86132,1.86132,0,0,0,425.95669,369.34511Z"
                  fill="#e6e6e6"
                  transform="translate(-156 -79.47583)"
                />
                <path
                  d="M440.01853,425.74206a72.178,72.178,0,0,1-12.55683-42.79357,1.52226,1.52226,0,0,0-1.1882-1.5191V378.7667H411.44615v2.62568h-.2043a1.52141,1.52141,0,0,0-1.51944,1.52339q.00007.05542.00418.11074,1.75218,24.42492-11.83339,43.8076a4.19294,4.19294,0,0,0-.75883,2.541l1.62129,50.15132a4.34145,4.34145,0,0,0,4.30433,4.19018h33.53723a4.343,4.343,0,0,0,4.30692-4.26409l.62479-48.69283A8.78789,8.78789,0,0,0,440.01853,425.74206Z"
                  fill="#e6e6e6"
                  transform="translate(-156 -79.47583)"
                />
                <path
                  d="M434.70951,442.40074H405.518a2.997,2.997,0,0,0-2.96218,3.45276l4.41126,28.6732h25.33006l5.35811-28.57659a2.9971,2.9971,0,0,0-2.94571-3.54937Z"
                  fill="#fff"
                  transform="translate(-156 -79.47583)"
                />
                <path
                  d="M249.935,581.73267h-6.65947a.88292.88292,0,0,0-.88292.88291v2.923a.88292.88292,0,0,0,.88292.88291h1.10357v4.37972h4.45233v-4.37972H249.935a.88291.88291,0,0,0,.88291-.88291v-2.923A.88291.88291,0,0,0,249.935,581.73267Z"
                  fill="#e6e6e6"
                  transform="translate(-156 -79.47583)"
                />
                <path
                  d="M256.60519,608.48432a34.2373,34.2373,0,0,1-5.95627-20.29895.72208.72208,0,0,0-.56363-.72057v-1.263H243.052v1.24548h-.09691a.72168.72168,0,0,0-.72074.72262q0,.02628.002.05252a31.24565,31.24565,0,0,1-5.61312,20.77995,1.98884,1.98884,0,0,0-.35994,1.20529l.769,23.78907a2.05934,2.05934,0,0,0,2.04174,1.98759h15.90824a2.06007,2.06007,0,0,0,2.043-2.02265l.29636-23.09723A4.1684,4.1684,0,0,0,256.60519,608.48432Z"
                  fill="#e6e6e6"
                  transform="translate(-156 -79.47583)"
                />
                <rect
                  fill="#fff"
                  height="7.58953"
                  width="15.17906"
                  x="83.13662"
                  y="537.75318"
                />
                <path
                  d="M280.935,581.73267h-6.65947a.88292.88292,0,0,0-.88292.88291v2.923a.88292.88292,0,0,0,.88292.88291h1.10357v4.37972h4.45233v-4.37972H280.935a.88291.88291,0,0,0,.88291-.88291v-2.923A.88291.88291,0,0,0,280.935,581.73267Z"
                  fill="#e6e6e6"
                  transform="translate(-156 -79.47583)"
                />
                <path
                  d="M287.60519,608.48432a34.2373,34.2373,0,0,1-5.95627-20.29895.72208.72208,0,0,0-.56363-.72057v-1.263H274.052v1.24548h-.09691a.72168.72168,0,0,0-.72074.72262q0,.02628.002.05252a31.24565,31.24565,0,0,1-5.61312,20.77995,1.98884,1.98884,0,0,0-.35994,1.20529l.769,23.78907a2.05934,2.05934,0,0,0,2.04174,1.98759h15.90824a2.06007,2.06007,0,0,0,2.043-2.02265l.29636-23.09723A4.1684,4.1684,0,0,0,287.60519,608.48432Z"
                  fill="#e6e6e6"
                  transform="translate(-156 -79.47583)"
                />
                <rect
                  fill="#fff"
                  height="7.58953"
                  width="15.17906"
                  x="114.13662"
                  y="537.75318"
                />
                <path
                  d="M311.935,581.73267h-6.65947a.88292.88292,0,0,0-.88292.88291v2.923a.88292.88292,0,0,0,.88292.88291h1.10357v4.37972h4.45233v-4.37972H311.935a.88291.88291,0,0,0,.88291-.88291v-2.923A.88291.88291,0,0,0,311.935,581.73267Z"
                  fill="#e6e6e6"
                  transform="translate(-156 -79.47583)"
                />
                <path
                  d="M318.60519,608.48432a34.2373,34.2373,0,0,1-5.95627-20.29895.72208.72208,0,0,0-.56363-.72057v-1.263H305.052v1.24548h-.09691a.72168.72168,0,0,0-.72074.72262q0,.02628.002.05252a31.24565,31.24565,0,0,1-5.61312,20.77995,1.98884,1.98884,0,0,0-.35994,1.20529l.769,23.78907a2.05934,2.05934,0,0,0,2.04174,1.98759h15.90824a2.06007,2.06007,0,0,0,2.043-2.02265l.29636-23.09723A4.1684,4.1684,0,0,0,318.60519,608.48432Z"
                  fill="#e6e6e6"
                  transform="translate(-156 -79.47583)"
                />
                <rect
                  fill="#fff"
                  height="7.58953"
                  width="15.17906"
                  x="145.13662"
                  y="537.75318"
                />
                <path
                  d="M401.56726,523.61282H387.528a1.86132,1.86132,0,0,0-1.86133,1.86132v6.16226a1.86133,1.86133,0,0,0,1.86133,1.86133h2.32651v9.23316h9.38625v-9.23316h2.32651a1.86133,1.86133,0,0,0,1.86132-1.86133v-6.16226A1.86132,1.86132,0,0,0,401.56726,523.61282Z"
                  fill="#e6e6e6"
                  transform="translate(-156 -79.47583)"
                />
                <path
                  d="M415.6291,580.00977a72.178,72.178,0,0,1-12.55683-42.79357,1.52226,1.52226,0,0,0-1.1882-1.5191v-2.66269H387.05672v2.62568h-.2043a1.52141,1.52141,0,0,0-1.51944,1.52339q.00007.05542.00418.11074,1.75218,24.42492-11.83339,43.8076a4.19294,4.19294,0,0,0-.75883,2.541l1.62129,50.15132a4.34145,4.34145,0,0,0,4.30434,4.19018h33.53722a4.343,4.343,0,0,0,4.30693-4.26409l.62478-48.69283A8.78782,8.78782,0,0,0,415.6291,580.00977Z"
                  fill="#e6e6e6"
                  transform="translate(-156 -79.47583)"
                />
                <path
                  d="M410.32009,596.66845H381.12854a2.997,2.997,0,0,0-2.96218,3.45276l4.41127,28.6732h25.33006l5.3581-28.57659a2.9971,2.9971,0,0,0-2.9457-3.54937Z"
                  fill="#fff"
                  transform="translate(-156 -79.47583)"
                />
                <path
                  d="M409.23171,339.93829H325.544c5.85094-31.63336,4.50485-69.83172,0-110.91142h83.68771C404.84668,270.1067,403.53635,308.305,409.23171,339.93829Z"
                  fill="#e6e6e6"
                  transform="translate(-156 -79.47583)"
                />
                <circle
                  cx="211.892"
                  cy="201.98189"
                  fill="#fff"
                  r="20.16571"
                />
                <path
                  d="M332.602,487.148H248.91429c5.85093-31.63337,4.50485-69.83173,0-110.91143H332.602C328.217,417.31641,326.90664,455.5147,332.602,487.148Z"
                  fill="#e6e6e6"
                  transform="translate(-156 -79.47583)"
                />
                <circle
                  cx="135.26229"
                  cy="349.1916"
                  fill="#fff"
                  r="20.16571"
                />
                <path
                  d="M456.62114,346.99629H372.93343c5.85093-31.63336,4.50485-69.83172,0-110.91142h83.68771C452.2361,277.1647,450.92578,315.363,456.62114,346.99629Z"
                  fill="#e6e6e6"
                  transform="translate(-156 -79.47583)"
                />
                <circle
                  cx="259.28142"
                  cy="209.03989"
                  fill="#fff"
                  r="20.16571"
                />
                <path
                  d="M456.62114,341.95487H372.93343c5.85093-31.63337,4.50485-69.83173,0-110.91143h83.68771C452.2361,272.12327,450.92578,310.32156,456.62114,341.95487Z"
                  fill="#e6e6e6"
                  transform="translate(-156 -79.47583)"
                />
                <circle
                  cx="259.28142"
                  cy="203.99847"
                  fill="#fff"
                  r="20.16571"
                />
                <path
                  d="M456.62114,346.99629H372.93343c5.85093-31.63336,4.50485-69.83172,0-110.91142h83.68771C452.2361,277.1647,450.92578,315.363,456.62114,346.99629Z"
                  fill="#e6e6e6"
                  transform="translate(-156 -79.47583)"
                />
                <circle
                  cx="259.28142"
                  cy="209.03989"
                  fill="#fff"
                  r="20.16571"
                />
                <rect
                  fill="#e6e6e6"
                  height="30.24857"
                  width="274.25371"
                  x="45.52486"
                  y="254.41275"
                />
                <rect
                  fill="#e6e6e6"
                  height="30.24857"
                  width="274.25371"
                  x="45.52486"
                  y="404.64732"
                />
                <rect
                  fill="#e6e6e6"
                  height="30.24857"
                  width="274.25371"
                  x="45.52486"
                  y="554.88188"
                />
                <path
                  d="M952.85457,757.07471l-68.32479-48.32553c23.04357-22.44766,44.00226-54.41107,64.04589-90.55092l68.32478,48.32553C989.59882,697.53027,966.4714,727.95969,952.85457,757.07471Z"
                  fill="#6c63ff"
                  transform="translate(-156 -79.47583)"
                />
                <circle
                  cx="796.87342"
                  cy="605.9822"
                  fill="#fff"
                  r="20.16571"
                />
                <path
                  d="M623.26239,536.554h-7.5a.99435.99435,0,0,0-.99435.99435v3.292a.99434.99434,0,0,0,.99435.99434h1.24285v4.93249h5.01427v-4.93249h1.24285a.99435.99435,0,0,0,.99435-.99434v-3.292A.99436.99436,0,0,0,623.26239,536.554Z"
                  fill="#e6e6e6"
                  transform="translate(-156 -79.47583)"
                />
                <path
                  d="M630.77443,566.68205a38.55843,38.55843,0,0,1-6.708-22.86093.81323.81323,0,0,0-.63476-.81152v-1.42245h-7.921v1.40268h-.10914a.81275.81275,0,0,0-.8117.81381q0,.02961.00223.05916a35.18922,35.18922,0,0,1-6.32157,23.40264,2.23989,2.23989,0,0,0-.40537,1.35741l.86611,26.79155a2.31928,2.31928,0,0,0,2.29944,2.23846h17.91606a2.32008,2.32008,0,0,0,2.30082-2.27794l.33376-26.0124A4.69456,4.69456,0,0,0,630.77443,566.68205Z"
                  fill="#6c63ff"
                  transform="translate(-156 -79.47583)"
                />
                <path
                  d="M621.69892,537.62665a2.14526,2.14526,0,0,1-4.29053,0"
                  opacity="0.2"
                  style="isolation: isolate;"
                  transform="translate(-156 -79.47583)"
                />
                <rect
                  fill="#fff"
                  height="10.08286"
                  width="15.12429"
                  x="456.16063"
                  y="492.36817"
                />
                <path
                  d="M860.60239,641.21767H846.56312a1.86134,1.86134,0,0,0-1.86134,1.86133v6.16226a1.86134,1.86134,0,0,0,1.86134,1.86132h2.32651v9.23317h9.38625v-9.23317h2.32651a1.86132,1.86132,0,0,0,1.86132-1.86132V643.079A1.86133,1.86133,0,0,0,860.60239,641.21767Z"
                  fill="#e6e6e6"
                  transform="translate(-156 -79.47583)"
                />
                <path
                  d="M874.66423,697.61463a72.178,72.178,0,0,1-12.55683-42.79358,1.52224,1.52224,0,0,0-1.1882-1.51909v-2.6627H846.09185v2.62568h-.2043a1.52142,1.52142,0,0,0-1.51944,1.5234q.00008.05543.00418.11073,1.75218,24.42493-11.83339,43.80761a4.19289,4.19289,0,0,0-.75883,2.54095l1.62129,50.15132a4.34146,4.34146,0,0,0,4.30434,4.19019h33.53722a4.343,4.343,0,0,0,4.30692-4.26409l.62479-48.69283A8.7878,8.7878,0,0,0,874.66423,697.61463Z"
                  fill="#6c63ff"
                  transform="translate(-156 -79.47583)"
                />
                <path
                  d="M857.67571,643.22557a4.01574,4.01574,0,0,1-8.03148,0"
                  opacity="0.2"
                  style="isolation: isolate;"
                  transform="translate(-156 -79.47583)"
                />
                <path
                  d="M869.35522,714.27331H840.16367a2.997,2.997,0,0,0-2.96218,3.45275l4.41126,28.67321h25.33007l5.3581-28.5766a2.9971,2.9971,0,0,0-2.9457-3.54936Z"
                  fill="#fff"
                  transform="translate(-156 -79.47583)"
                />
                <path
                  d="M820.546,756.99571H736.85827c5.85094-31.63336,4.50486-69.83172,0-110.91142H820.546C816.161,687.16411,814.85062,725.36241,820.546,756.99571Z"
                  fill="#6c63ff"
                  transform="translate(-156 -79.47583)"
                />
                <circle
                  cx="623.20627"
                  cy="619.03931"
                  fill="#fff"
                  r="20.16571"
                />
                <polygon
                  fill="#ffb8b8"
                  points="322.243 328.466 341.03 326.758 352.986 297.724 331.637 285.768 322.243 328.466"
                />
                <path
                  d="M650.66043,487.64986v0a10.59328,10.59328,0,0,0-9.20188-14.51664l-29.16988-1.73941-4.2949,14.28206,30.02882,8.24691A10.59326,10.59326,0,0,0,650.66043,487.64986Z"
                  fill="#ffb8b8"
                  transform="translate(-156 -79.47583)"
                />
                <path
                  d="M619.33866,494.16267l-.32093-26.79954-64.79286-10.33856L504.30953,399.777a16.33816,16.33816,0,0,0-21.29428-2.91186l0,0a16.33815,16.33815,0,0,0-2.84636,24.922l41.17966,50.67767Z"
                  fill="#575a89"
                  transform="translate(-156 -79.47583)"
                />
                <path
                  d="M463.72552,795.64251h17.07932L523.168,604.10914l43.88737,59.16871,25.619,128.09483h16.22535l-3.41586-137.48845-57.2157-146.88208H491.90639c-15.40224,27.87449-27.48462,56.60826-13.66345,86.25052Z"
                  fill="#2f2e41"
                  transform="translate(-156 -79.47583)"
                />
                <path
                  d="M582.20449,807.27611a4.45733,4.45733,0,0,0,3.4756,5.71828l41.79324,7.41672a6.87646,6.87646,0,0,0,7.8008-4.71314h0a6.83384,6.83384,0,0,0-3.34222-8.12572,63.9022,63.9022,0,0,1-23.04833-20.0382c-4.59335,4.27726-9.7273,3.875-15.179.72281l-5.78247.72281Z"
                  fill="#2f2e41"
                  transform="translate(-156 -79.47583)"
                />
                <path
                  d="M455.81759,807.27611a4.45733,4.45733,0,0,0,3.4756,5.71828l41.79324,7.41672a6.87646,6.87646,0,0,0,7.8008-4.71314h0a6.83384,6.83384,0,0,0-3.34222-8.12572,63.9022,63.9022,0,0,1-23.04833-20.0382c-4.59335,4.27726-9.7273,3.875-15.179.72281l-5.78247.72281Z"
                  fill="#2f2e41"
                  transform="translate(-156 -79.47583)"
                />
                <circle
                  cx="353.41268"
                  cy="284.48709"
                  fill="#ffb8b8"
                  r="23.91104"
                />
                <path
                  d="M488.06354,513.40689,550.403,511.699l-18.30772-57.61963c11.37738-18.23924-.073-36.46-16.27789-54.67684l-12.80948-8.53965-20.49517-1.70793h0a50.3141,50.3141,0,0,0-13.54915,35.0504C469.36939,452.03191,474.29652,482.324,488.06354,513.40689Z"
                  fill="#575a89"
                  transform="translate(-156 -79.47583)"
                />
                <path
                  d="M631.29146,552.19152h0a10.59327,10.59327,0,0,0-2.74926-16.96611L602.4085,522.15112l-9.567,11.441,24.36342,19.395A10.59327,10.59327,0,0,0,631.29146,552.19152Z"
                  fill="#ffb8b8"
                  transform="translate(-156 -79.47583)"
                />
                <path
                  d="M599.933,545.85758l10.24759-24.765-55.50168-34.99377-23.37023-72.268a16.33817,16.33817,0,0,0-18.43188-11.054h0a16.33815,16.33815,0,0,0-12.42089,21.79283l17.92341,62.79126Z"
                  fill="#575a89"
                  transform="translate(-156 -79.47583)"
                />
                <path
                  d="M470.13027,354.5693c0,9.30389,6.04222,23.7124,13.66345,29.8888,5.12781,4.15568,11.90457,3.98066,14.51741-1.70793,2.68032-5.83557,11.91945-19.55229,28.18086-28.18087,21.67761-11.50252-7.68756-31.18152-28.18086-28.18086C482.9115,328.64329,470.13027,339.00544,470.13027,354.5693Z"
                  fill="#2f2e41"
                  transform="translate(-156 -79.47583)"
                />
                <circle
                  cx="328.64768"
                  cy="245.20468"
                  fill="#2f2e41"
                  r="17.07931"
                />
                <path
                  d="M504.28889,318.70275a17.06865,17.06865,0,0,0-15.79836-17.01463c.42437-.03158.84854-.06468,1.28094-.06468a17.07931,17.07931,0,0,1,0,34.15862c-.4324,0-.85657-.0331-1.28094-.06468A17.06869,17.06869,0,0,0,504.28889,318.70275Z"
                  fill="#2f2e41"
                  transform="translate(-156 -79.47583)"
                />
                <ellipse
                  cx="353.83966"
                  cy="287.90296"
                  fill="#ffb8b8"
                  rx="3.84284"
                  ry="5.12379"
                />
                <polygon
                  fill="#3f3d56"
                  points="837.751 684.845 571.879 684.845 515.578 418.694 467.529 418.694 467.529 406.752 525.258 406.752 581.559 672.902 837.751 672.902 837.751 684.845"
                />
                <circle
                  cx="610.84102"
                  cy="707.87676"
                  fill="#3f3d56"
                  r="25.59138"
                />
                <circle
                  cx="801.92331"
                  cy="707.87676"
                  fill="#3f3d56"
                  r="25.59138"
                />
                <path
                  d="M988.90348,758.69673H730.22506L684.58373,533.14489h347.15138a12.2655,12.2655,0,0,1,12.11592,14.16689l-42.8333,201.0251A12.20374,12.20374,0,0,1,988.90348,758.69673Zm-255.86937-3.41219H988.90348a8.80568,8.80568,0,0,0,8.74205-7.47748l42.8333-201.0251a8.85014,8.85014,0,0,0-8.74372-10.22489H688.72567Z"
                  fill="#3f3d56"
                  transform="translate(-156 -79.47583)"
                />
                <polygon
                  fill="#3f3d56"
                  points="624.513 678.499 594.623 455.653 597.989 455.097 627.879 677.943 624.513 678.499"
                />
                <polygon
                  fill="#3f3d56"
                  points="790.712 676.788 787.343 676.242 816.36 455.102 819.729 455.648 790.712 676.788"
                />
                <rect
                  fill="#3f3d56"
                  height="222.84575"
                  width="3.41218"
                  x="708.11491"
                  y="455.37515"
                />
                <rect
                  fill="#3f3d56"
                  height="330.29569"
                  transform="translate(112.38887 1382.90398) rotate(-89.86127)"
                  width="3.41219"
                  x="865.45079"
                  y="431.52231"
                />
                <rect
                  fill="#3f3d56"
                  height="3.41226"
                  transform="translate(-160.7831 -73.5538) rotate(-0.39166)"
                  width="290.1779"
                  x="718.83766"
                  y="700.96181"
                />
                <ellipse
                  cx="472.64757"
                  cy="411.01676"
                  fill="#3f3d56"
                  rx="18.76701"
                  ry="10.23655"
                />
              </svg>
              <h1>
                Shopping Cart App
              </h1>
            </a>
          </li>
        </ul>
        <ul
          class="_nav-right_a9d33c"
        >
          <li>
            <a
              class="_link_32bc69"
              href="/home"
            >
              home
            </a>
          </li>
          <li>
            <a
              aria-current="page"
              class="_active_32bc69 _active-link_32bc69 _link_32bc69"
              href="/shop"
            >
              shop
            </a>
          </li>
          <li>
            <a
              class="_cart-anchor_a9d33c"
              href="/cart"
            >
              <span
                class="_cart-number_a9d33c"
              >
                0
              </span>
              <svg
                class="cart _icon_d9d978 _anchor-no-decoration_a9d33c"
                viewBox="0 0 24 24"
                xmlns="http://www.w3.org/2000/svg"
              >
                <path
                  d="M19 20C19 21.11 18.11 22 17 22C15.89 22 15 21.1 15 20C15 18.89 15.89 18 17 18C18.11 18 19 18.9 19 20M7 18C5.89 18 5 18.89 5 20C5 21.1 5.89 22 7 22C8.11 22 9 21.11 9 20S8.11 18 7 18M7.2 14.63L7.17 14.75C7.17 14.89 7.28 15 7.42 15H19V17H7C5.89 17 5 16.1 5 15C5 14.65 5.09 14.32 5.24 14.04L6.6 11.59L3 4H1V2H4.27L5.21 4H20C20.55 4 21 4.45 21 5C21 5.17 20.95 5.34 20.88 5.5L17.3 11.97C16.96 12.58 16.3 13 15.55 13H8.1L7.2 14.63M8.5 11H10V9H7.56L8.5 11M11 9V11H14V9H11M14 8V6H11V8H14M17.11 9H15V11H16L17.11 9M18.78 6H15V8H17.67L18.78 6M6.14 6L7.08 8H10V6H6.14Z"
                  fill="currentColor"
                />
              </svg>
            </a>
          </li>
          <li>
            <a
              href="https://github.com/mikeyCos/shopping-cart"
              target="_blank"
            >
              <svg
                class="_icon_d9d978 _icon-github_d9d978"
                height="96"
                viewBox="0 0 98 96"
                width="98"
                xmlns="http://www.w3.org/2000/svg"
              >
                <path
                  clip-rule="evenodd"
                  d="M48.854 0C21.839 0 0 22 0 49.217c0 21.756 13.993 40.172 33.405 46.69 2.427.49 3.316-1.059 3.316-2.362 0-1.141-.08-5.052-.08-9.127-13.59 2.934-16.42-5.867-16.42-5.867-2.184-5.704-5.42-7.17-5.42-7.17-4.448-3.015.324-3.015.324-3.015 4.934.326 7.523 5.052 7.523 5.052 4.367 7.496 11.404 5.378 14.235 4.074.404-3.178 1.699-5.378 3.074-6.6-10.839-1.141-22.243-5.378-22.243-24.283 0-5.378 1.94-9.778 5.014-13.2-.485-1.222-2.184-6.275.486-13.038 0 0 4.125-1.304 13.426 5.052a46.97 46.97 0 0 1 12.214-1.63c4.125 0 8.33.571 12.213 1.63 9.302-6.356 13.427-5.052 13.427-5.052 2.67 6.763.97 11.816.485 13.038 3.155 3.422 5.015 7.822 5.015 13.2 0 18.905-11.404 23.06-22.324 24.283 1.78 1.548 3.316 4.481 3.316 9.126 0 6.6-.08 11.897-.08 13.526 0 1.304.89 2.853 3.316 2.364 19.412-6.52 33.405-24.935 33.405-46.691C97.707 22 75.788 0 48.854 0z"
                  fill="currentColor"
                  fill-rule="evenodd"
                />
              </svg>
            </a>
          </li>
        </ul>
      </nav>
    </header>
    <main
      class="_main_324060"
    >
      <section
        id="_shop_1f04d7"
      >
        <article
          class="_categories_346161"
        >
          <ul
            class="_categories-list_346161"
          >
            <li>
              <a
                class="_link_32bc69"
                href="/shop/category/all"
              >
                all
              </a>
            </li>
            <li>
              <a
                class="_link_32bc69"
                href="/shop/category/electronics"
              >
                electronics
              </a>
            </li>
            <li>
              <a
                class="_link_32bc69"
                href="/shop/category/jewelery"
              >
                jewelery
              </a>
            </li>
            <li>
              <a
                class="_link_32bc69"
                href="/shop/category/men's-clothing"
              >
                men's clothing
              </a>
            </li>
            <li>
              <a
                class="_link_32bc69"
                href="/shop/category/women's-clothing"
              >
                women's clothing
              </a>
            </li>
          </ul>
        </article>
        <section
          id="category"
        >
          <section
            class="_products_d6f91d"
            role="region"
          >
            <article
              class="_product-card_d6f91d"
            >
              <a
                data-id="1"
                href="/shop/product/view/modal/Fjallraven%20-%20Foldsack%20No.%201%20Backpack%2C%20Fits%2015%20Laptops"
              >
                <picture
                  class="_product-picture_d6f91d"
                >
                  <img
                    alt="#"
                    class="_product-img_c43253"
                    loading="lazy"
                    src="https://fakestoreapi.com/img/81fPKd-2AYL._AC_SL1500_.jpg"
                  />
                </picture>
                <div
                  class="_product-card-info_d6f91d"
                >
                  <h4>
                    Fjallraven - Foldsack No. 1 Backpack, Fits 15 Laptops
                  </h4>
                  <p>
                    $109.95
                  </p>
                </div>
              </a>
              <div
                class="quick-actions _quick-actions_586eb7"
              >
                <button
                  aria-label="add to cart"
                >
                  <svg
                    fill="currentColor"
                    height="24px"
                    viewBox="0 -960 960 960"
                    width="24px"
                    xmlns="http://www.w3.org/2000/svg"
                  >
                    <path
                      d="M440-600v-120H320v-80h120v-120h80v120h120v80H520v120h-80ZM280-80q-33 0-56.5-23.5T200-160q0-33 23.5-56.5T280-240q33 0 56.5 23.5T360-160q0 33-23.5 56.5T280-80Zm400 0q-33 0-56.5-23.5T600-160q0-33 23.5-56.5T680-240q33 0 56.5 23.5T760-160q0 33-23.5 56.5T680-80ZM40-800v-80h131l170 360h280l156-280h91L692-482q-11 20-29.5 31T622-440H324l-44 80h480v80H280q-45 0-68.5-39t-1.5-79l54-98-144-304H40Z"
                    />
                  </svg>
                </button>
              </div>
            </article>
            <article
              class="_product-card_d6f91d"
            >
              <a
                data-id="2"
                href="/shop/product/view/modal/Mens%20Casual%20Premium%20Slim%20Fit%20T-Shirts%20"
              >
                <picture
                  class="_product-picture_d6f91d"
                >
                  <img
                    alt="#"
                    class="_product-img_c43253"
                    loading="lazy"
                    src="https://fakestoreapi.com/img/71-3HjGNDUL._AC_SY879._SX._UX._SY._UY_.jpg"
                  />
                </picture>
                <div
                  class="_product-card-info_d6f91d"
                >
                  <h4>
                    Mens Casual Premium Slim Fit T-Shirts 
                  </h4>
                  <p>
                    $22.30
                  </p>
                </div>
              </a>
              <div
                class="quick-actions _quick-actions_586eb7"
              >
                <button
                  aria-label="add to cart"
                >
                  <svg
                    fill="currentColor"
                    height="24px"
                    viewBox="0 -960 960 960"
                    width="24px"
                    xmlns="http://www.w3.org/2000/svg"
                  >
                    <path
                      d="M440-600v-120H320v-80h120v-120h80v120h120v80H520v120h-80ZM280-80q-33 0-56.5-23.5T200-160q0-33 23.5-56.5T280-240q33 0 56.5 23.5T360-160q0 33-23.5 56.5T280-80Zm400 0q-33 0-56.5-23.5T600-160q0-33 23.5-56.5T680-240q33 0 56.5 23.5T760-160q0 33-23.5 56.5T680-80ZM40-800v-80h131l170 360h280l156-280h91L692-482q-11 20-29.5 31T622-440H324l-44 80h480v80H280q-45 0-68.5-39t-1.5-79l54-98-144-304H40Z"
                    />
                  </svg>
                </button>
              </div>
            </article>
            <article
              class="_product-card_d6f91d"
            >
              <a
                data-id="3"
                href="/shop/product/view/modal/Mens%20Cotton%20Jacket"
              >
                <picture
                  class="_product-picture_d6f91d"
                >
                  <img
                    alt="#"
                    class="_product-img_c43253"
                    loading="lazy"
                    src="https://fakestoreapi.com/img/71li-ujtlUL._AC_UX679_.jpg"
                  />
                </picture>
                <div
                  class="_product-card-info_d6f91d"
                >
                  <h4>
                    Mens Cotton Jacket
                  </h4>
                  <p>
                    $55.99
                  </p>
                </div>
              </a>
              <div
                class="quick-actions _quick-actions_586eb7"
              >
                <button
                  aria-label="add to cart"
                >
                  <svg
                    fill="currentColor"
                    height="24px"
                    viewBox="0 -960 960 960"
                    width="24px"
                    xmlns="http://www.w3.org/2000/svg"
                  >
                    <path
                      d="M440-600v-120H320v-80h120v-120h80v120h120v80H520v120h-80ZM280-80q-33 0-56.5-23.5T200-160q0-33 23.5-56.5T280-240q33 0 56.5 23.5T360-160q0 33-23.5 56.5T280-80Zm400 0q-33 0-56.5-23.5T600-160q0-33 23.5-56.5T680-240q33 0 56.5 23.5T760-160q0 33-23.5 56.5T680-80ZM40-800v-80h131l170 360h280l156-280h91L692-482q-11 20-29.5 31T622-440H324l-44 80h480v80H280q-45 0-68.5-39t-1.5-79l54-98-144-304H40Z"
                    />
                  </svg>
                </button>
              </div>
            </article>
            <article
              class="_product-card_d6f91d"
            >
              <a
                data-id="4"
                href="/shop/product/view/modal/Mens%20Casual%20Slim%20Fit"
              >
                <picture
                  class="_product-picture_d6f91d"
                >
                  <img
                    alt="#"
                    class="_product-img_c43253"
                    loading="lazy"
                    src="https://fakestoreapi.com/img/71YXzeOuslL._AC_UY879_.jpg"
                  />
                </picture>
                <div
                  class="_product-card-info_d6f91d"
                >
                  <h4>
                    Mens Casual Slim Fit
                  </h4>
                  <p>
                    $15.99
                  </p>
                </div>
              </a>
              <div
                class="quick-actions _quick-actions_586eb7"
              >
                <button
                  aria-label="add to cart"
                >
                  <svg
                    fill="currentColor"
                    height="24px"
                    viewBox="0 -960 960 960"
                    width="24px"
                    xmlns="http://www.w3.org/2000/svg"
                  >
                    <path
                      d="M440-600v-120H320v-80h120v-120h80v120h120v80H520v120h-80ZM280-80q-33 0-56.5-23.5T200-160q0-33 23.5-56.5T280-240q33 0 56.5 23.5T360-160q0 33-23.5 56.5T280-80Zm400 0q-33 0-56.5-23.5T600-160q0-33 23.5-56.5T680-240q33 0 56.5 23.5T760-160q0 33-23.5 56.5T680-80ZM40-800v-80h131l170 360h280l156-280h91L692-482q-11 20-29.5 31T622-440H324l-44 80h480v80H280q-45 0-68.5-39t-1.5-79l54-98-144-304H40Z"
                    />
                  </svg>
                </button>
              </div>
            </article>
            <article
              class="_product-card_d6f91d"
            >
              <a
                data-id="5"
                href="/shop/product/view/modal/John%20Hardy%20Women's%20Legends%20Naga%20Gold%20%26%20Silver%20Dragon%20Station%20Chain%20Bracelet"
              >
                <picture
                  class="_product-picture_d6f91d"
                >
                  <img
                    alt="#"
                    class="_product-img_c43253"
                    loading="lazy"
                    src="https://fakestoreapi.com/img/71pWzhdJNwL._AC_UL640_QL65_ML3_.jpg"
                  />
                </picture>
                <div
                  class="_product-card-info_d6f91d"
                >
                  <h4>
                    John Hardy Women's Legends Naga Gold & Silver Dragon Station Chain Bracelet
                  </h4>
                  <p>
                    $695.00
                  </p>
                </div>
              </a>
              <div
                class="quick-actions _quick-actions_586eb7"
              >
                <button
                  aria-label="add to cart"
                >
                  <svg
                    fill="currentColor"
                    height="24px"
                    viewBox="0 -960 960 960"
                    width="24px"
                    xmlns="http://www.w3.org/2000/svg"
                  >
                    <path
                      d="M440-600v-120H320v-80h120v-120h80v120h120v80H520v120h-80ZM280-80q-33 0-56.5-23.5T200-160q0-33 23.5-56.5T280-240q33 0 56.5 23.5T360-160q0 33-23.5 56.5T280-80Zm400 0q-33 0-56.5-23.5T600-160q0-33 23.5-56.5T680-240q33 0 56.5 23.5T760-160q0 33-23.5 56.5T680-80ZM40-800v-80h131l170 360h280l156-280h91L692-482q-11 20-29.5 31T622-440H324l-44 80h480v80H280q-45 0-68.5-39t-1.5-79l54-98-144-304H40Z"
                    />
                  </svg>
                </button>
              </div>
            </article>
            <article
              class="_product-card_d6f91d"
            >
              <a
                data-id="6"
                href="/shop/product/view/modal/Solid%20Gold%20Petite%20Micropave%20"
              >
                <picture
                  class="_product-picture_d6f91d"
                >
                  <img
                    alt="#"
                    class="_product-img_c43253"
                    loading="lazy"
                    src="https://fakestoreapi.com/img/61sbMiUnoGL._AC_UL640_QL65_ML3_.jpg"
                  />
                </picture>
                <div
                  class="_product-card-info_d6f91d"
                >
                  <h4>
                    Solid Gold Petite Micropave 
                  </h4>
                  <p>
                    $168.00
                  </p>
                </div>
              </a>
              <div
                class="quick-actions _quick-actions_586eb7"
              >
                <button
                  aria-label="add to cart"
                >
                  <svg
                    fill="currentColor"
                    height="24px"
                    viewBox="0 -960 960 960"
                    width="24px"
                    xmlns="http://www.w3.org/2000/svg"
                  >
                    <path
                      d="M440-600v-120H320v-80h120v-120h80v120h120v80H520v120h-80ZM280-80q-33 0-56.5-23.5T200-160q0-33 23.5-56.5T280-240q33 0 56.5 23.5T360-160q0 33-23.5 56.5T280-80Zm400 0q-33 0-56.5-23.5T600-160q0-33 23.5-56.5T680-240q33 0 56.5 23.5T760-160q0 33-23.5 56.5T680-80ZM40-800v-80h131l170 360h280l156-280h91L692-482q-11 20-29.5 31T622-440H324l-44 80h480v80H280q-45 0-68.5-39t-1.5-79l54-98-144-304H40Z"
                    />
                  </svg>
                </button>
              </div>
            </article>
            <article
              class="_product-card_d6f91d"
            >
              <a
                data-id="7"
                href="/shop/product/view/modal/White%20Gold%20Plated%20Princess"
              >
                <picture
                  class="_product-picture_d6f91d"
                >
                  <img
                    alt="#"
                    class="_product-img_c43253"
                    loading="lazy"
                    src="https://fakestoreapi.com/img/71YAIFU48IL._AC_UL640_QL65_ML3_.jpg"
                  />
                </picture>
                <div
                  class="_product-card-info_d6f91d"
                >
                  <h4>
                    White Gold Plated Princess
                  </h4>
                  <p>
                    $9.99
                  </p>
                </div>
              </a>
              <div
                class="quick-actions _quick-actions_586eb7"
              >
                <button
                  aria-label="add to cart"
                >
                  <svg
                    fill="currentColor"
                    height="24px"
                    viewBox="0 -960 960 960"
                    width="24px"
                    xmlns="http://www.w3.org/2000/svg"
                  >
                    <path
                      d="M440-600v-120H320v-80h120v-120h80v120h120v80H520v120h-80ZM280-80q-33 0-56.5-23.5T200-160q0-33 23.5-56.5T280-240q33 0 56.5 23.5T360-160q0 33-23.5 56.5T280-80Zm400 0q-33 0-56.5-23.5T600-160q0-33 23.5-56.5T680-240q33 0 56.5 23.5T760-160q0 33-23.5 56.5T680-80ZM40-800v-80h131l170 360h280l156-280h91L692-482q-11 20-29.5 31T622-440H324l-44 80h480v80H280q-45 0-68.5-39t-1.5-79l54-98-144-304H40Z"
                    />
                  </svg>
                </button>
              </div>
            </article>
            <article
              class="_product-card_d6f91d"
            >
              <a
                data-id="8"
                href="/shop/product/view/modal/Pierced%20Owl%20Rose%20Gold%20Plated%20Stainless%20Steel%20Double"
              >
                <picture
                  class="_product-picture_d6f91d"
                >
                  <img
                    alt="#"
                    class="_product-img_c43253"
                    loading="lazy"
                    src="https://fakestoreapi.com/img/51UDEzMJVpL._AC_UL640_QL65_ML3_.jpg"
                  />
                </picture>
                <div
                  class="_product-card-info_d6f91d"
                >
                  <h4>
                    Pierced Owl Rose Gold Plated Stainless Steel Double
                  </h4>
                  <p>
                    $10.99
                  </p>
                </div>
              </a>
              <div
                class="quick-actions _quick-actions_586eb7"
              >
                <button
                  aria-label="add to cart"
                >
                  <svg
                    fill="currentColor"
                    height="24px"
                    viewBox="0 -960 960 960"
                    width="24px"
                    xmlns="http://www.w3.org/2000/svg"
                  >
                    <path
                      d="M440-600v-120H320v-80h120v-120h80v120h120v80H520v120h-80ZM280-80q-33 0-56.5-23.5T200-160q0-33 23.5-56.5T280-240q33 0 56.5 23.5T360-160q0 33-23.5 56.5T280-80Zm400 0q-33 0-56.5-23.5T600-160q0-33 23.5-56.5T680-240q33 0 56.5 23.5T760-160q0 33-23.5 56.5T680-80ZM40-800v-80h131l170 360h280l156-280h91L692-482q-11 20-29.5 31T622-440H324l-44 80h480v80H280q-45 0-68.5-39t-1.5-79l54-98-144-304H40Z"
                    />
                  </svg>
                </button>
              </div>
            </article>
            <article
              class="_product-card_d6f91d"
            >
              <a
                data-id="9"
                href="/shop/product/view/modal/WD%202TB%20Elements%20Portable%20External%20Hard%20Drive%20-%20USB%203.0%20"
              >
                <picture
                  class="_product-picture_d6f91d"
                >
                  <img
                    alt="#"
                    class="_product-img_c43253"
                    loading="lazy"
                    src="https://fakestoreapi.com/img/61IBBVJvSDL._AC_SY879_.jpg"
                  />
                </picture>
                <div
                  class="_product-card-info_d6f91d"
                >
                  <h4>
                    WD 2TB Elements Portable External Hard Drive - USB 3.0 
                  </h4>
                  <p>
                    $64.00
                  </p>
                </div>
              </a>
              <div
                class="quick-actions _quick-actions_586eb7"
              >
                <button
                  aria-label="add to cart"
                >
                  <svg
                    fill="currentColor"
                    height="24px"
                    viewBox="0 -960 960 960"
                    width="24px"
                    xmlns="http://www.w3.org/2000/svg"
                  >
                    <path
                      d="M440-600v-120H320v-80h120v-120h80v120h120v80H520v120h-80ZM280-80q-33 0-56.5-23.5T200-160q0-33 23.5-56.5T280-240q33 0 56.5 23.5T360-160q0 33-23.5 56.5T280-80Zm400 0q-33 0-56.5-23.5T600-160q0-33 23.5-56.5T680-240q33 0 56.5 23.5T760-160q0 33-23.5 56.5T680-80ZM40-800v-80h131l170 360h280l156-280h91L692-482q-11 20-29.5 31T622-440H324l-44 80h480v80H280q-45 0-68.5-39t-1.5-79l54-98-144-304H40Z"
                    />
                  </svg>
                </button>
              </div>
            </article>
            <article
              class="_product-card_d6f91d"
            >
              <a
                data-id="10"
                href="/shop/product/view/modal/SanDisk%20SSD%20PLUS%201TB%20Internal%20SSD%20-%20SATA%20III%206%20Gb%2Fs"
              >
                <picture
                  class="_product-picture_d6f91d"
                >
                  <img
                    alt="#"
                    class="_product-img_c43253"
                    loading="lazy"
                    src="https://fakestoreapi.com/img/61U7T1koQqL._AC_SX679_.jpg"
                  />
                </picture>
                <div
                  class="_product-card-info_d6f91d"
                >
                  <h4>
                    SanDisk SSD PLUS 1TB Internal SSD - SATA III 6 Gb/s
                  </h4>
                  <p>
                    $109.00
                  </p>
                </div>
              </a>
              <div
                class="quick-actions _quick-actions_586eb7"
              >
                <button
                  aria-label="add to cart"
                >
                  <svg
                    fill="currentColor"
                    height="24px"
                    viewBox="0 -960 960 960"
                    width="24px"
                    xmlns="http://www.w3.org/2000/svg"
                  >
                    <path
                      d="M440-600v-120H320v-80h120v-120h80v120h120v80H520v120h-80ZM280-80q-33 0-56.5-23.5T200-160q0-33 23.5-56.5T280-240q33 0 56.5 23.5T360-160q0 33-23.5 56.5T280-80Zm400 0q-33 0-56.5-23.5T600-160q0-33 23.5-56.5T680-240q33 0 56.5 23.5T760-160q0 33-23.5 56.5T680-80ZM40-800v-80h131l170 360h280l156-280h91L692-482q-11 20-29.5 31T622-440H324l-44 80h480v80H280q-45 0-68.5-39t-1.5-79l54-98-144-304H40Z"
                    />
                  </svg>
                </button>
              </div>
            </article>
            <article
              class="_product-card_d6f91d"
            >
              <a
                data-id="11"
                href="/shop/product/view/modal/Silicon%20Power%20256GB%20SSD%203D%20NAND%20A55%20SLC%20Cache%20Performance%20Boost%20SATA%20III%202.5"
              >
                <picture
                  class="_product-picture_d6f91d"
                >
                  <img
                    alt="#"
                    class="_product-img_c43253"
                    loading="lazy"
                    src="https://fakestoreapi.com/img/71kWymZ+c+L._AC_SX679_.jpg"
                  />
                </picture>
                <div
                  class="_product-card-info_d6f91d"
                >
                  <h4>
                    Silicon Power 256GB SSD 3D NAND A55 SLC Cache Performance Boost SATA III 2.5
                  </h4>
                  <p>
                    $109.00
                  </p>
                </div>
              </a>
              <div
                class="quick-actions _quick-actions_586eb7"
              >
                <button
                  aria-label="add to cart"
                >
                  <svg
                    fill="currentColor"
                    height="24px"
                    viewBox="0 -960 960 960"
                    width="24px"
                    xmlns="http://www.w3.org/2000/svg"
                  >
                    <path
                      d="M440-600v-120H320v-80h120v-120h80v120h120v80H520v120h-80ZM280-80q-33 0-56.5-23.5T200-160q0-33 23.5-56.5T280-240q33 0 56.5 23.5T360-160q0 33-23.5 56.5T280-80Zm400 0q-33 0-56.5-23.5T600-160q0-33 23.5-56.5T680-240q33 0 56.5 23.5T760-160q0 33-23.5 56.5T680-80ZM40-800v-80h131l170 360h280l156-280h91L692-482q-11 20-29.5 31T622-440H324l-44 80h480v80H280q-45 0-68.5-39t-1.5-79l54-98-144-304H40Z"
                    />
                  </svg>
                </button>
              </div>
            </article>
            <article
              class="_product-card_d6f91d"
            >
              <a
                data-id="12"
                href="/shop/product/view/modal/WD%204TB%20Gaming%20Drive%20Works%20with%20Playstation%204%20Portable%20External%20Hard%20Drive"
              >
                <picture
                  class="_product-picture_d6f91d"
                >
                  <img
                    alt="#"
                    class="_product-img_c43253"
                    loading="lazy"
                    src="https://fakestoreapi.com/img/61mtL65D4cL._AC_SX679_.jpg"
                  />
                </picture>
                <div
                  class="_product-card-info_d6f91d"
                >
                  <h4>
                    WD 4TB Gaming Drive Works with Playstation 4 Portable External Hard Drive
                  </h4>
                  <p>
                    $114.00
                  </p>
                </div>
              </a>
              <div
                class="quick-actions _quick-actions_586eb7"
              >
                <button
                  aria-label="add to cart"
                >
                  <svg
                    fill="currentColor"
                    height="24px"
                    viewBox="0 -960 960 960"
                    width="24px"
                    xmlns="http://www.w3.org/2000/svg"
                  >
                    <path
                      d="M440-600v-120H320v-80h120v-120h80v120h120v80H520v120h-80ZM280-80q-33 0-56.5-23.5T200-160q0-33 23.5-56.5T280-240q33 0 56.5 23.5T360-160q0 33-23.5 56.5T280-80Zm400 0q-33 0-56.5-23.5T600-160q0-33 23.5-56.5T680-240q33 0 56.5 23.5T760-160q0 33-23.5 56.5T680-80ZM40-800v-80h131l170 360h280l156-280h91L692-482q-11 20-29.5 31T622-440H324l-44 80h480v80H280q-45 0-68.5-39t-1.5-79l54-98-144-304H40Z"
                    />
                  </svg>
                </button>
              </div>
            </article>
            <article
              class="_product-card_d6f91d"
            >
              <a
                data-id="13"
                href="/shop/product/view/modal/Acer%20SB220Q%20bi%2021.5%20inches%20Full%20HD%20(1920%20x%201080)%20IPS%20Ultra-Thin"
              >
                <picture
                  class="_product-picture_d6f91d"
                >
                  <img
                    alt="#"
                    class="_product-img_c43253"
                    loading="lazy"
                    src="https://fakestoreapi.com/img/81QpkIctqPL._AC_SX679_.jpg"
                  />
                </picture>
                <div
                  class="_product-card-info_d6f91d"
                >
                  <h4>
                    Acer SB220Q bi 21.5 inches Full HD (1920 x 1080) IPS Ultra-Thin
                  </h4>
                  <p>
                    $599.00
                  </p>
                </div>
              </a>
              <div
                class="quick-actions _quick-actions_586eb7"
              >
                <button
                  aria-label="add to cart"
                >
                  <svg
                    fill="currentColor"
                    height="24px"
                    viewBox="0 -960 960 960"
                    width="24px"
                    xmlns="http://www.w3.org/2000/svg"
                  >
                    <path
                      d="M440-600v-120H320v-80h120v-120h80v120h120v80H520v120h-80ZM280-80q-33 0-56.5-23.5T200-160q0-33 23.5-56.5T280-240q33 0 56.5 23.5T360-160q0 33-23.5 56.5T280-80Zm400 0q-33 0-56.5-23.5T600-160q0-33 23.5-56.5T680-240q33 0 56.5 23.5T760-160q0 33-23.5 56.5T680-80ZM40-800v-80h131l170 360h280l156-280h91L692-482q-11 20-29.5 31T622-440H324l-44 80h480v80H280q-45 0-68.5-39t-1.5-79l54-98-144-304H40Z"
                    />
                  </svg>
                </button>
              </div>
            </article>
            <article
              class="_product-card_d6f91d"
            >
              <a
                data-id="14"
                href="/shop/product/view/modal/Samsung%2049-Inch%20CHG90%20144Hz%20Curved%20Gaming%20Monitor%20(LC49HG90DMNXZA)%20%E2%80%93%20Super%20Ultrawide%20Screen%20QLED%20"
              >
                <picture
                  class="_product-picture_d6f91d"
                >
                  <img
                    alt="#"
                    class="_product-img_c43253"
                    loading="lazy"
                    src="https://fakestoreapi.com/img/81Zt42ioCgL._AC_SX679_.jpg"
                  />
                </picture>
                <div
                  class="_product-card-info_d6f91d"
                >
                  <h4>
                    Samsung 49-Inch CHG90 144Hz Curved Gaming Monitor (LC49HG90DMNXZA) – Super Ultrawide Screen QLED 
                  </h4>
                  <p>
                    $999.99
                  </p>
                </div>
              </a>
              <div
                class="quick-actions _quick-actions_586eb7"
              >
                <button
                  aria-label="add to cart"
                >
                  <svg
                    fill="currentColor"
                    height="24px"
                    viewBox="0 -960 960 960"
                    width="24px"
                    xmlns="http://www.w3.org/2000/svg"
                  >
                    <path
                      d="M440-600v-120H320v-80h120v-120h80v120h120v80H520v120h-80ZM280-80q-33 0-56.5-23.5T200-160q0-33 23.5-56.5T280-240q33 0 56.5 23.5T360-160q0 33-23.5 56.5T280-80Zm400 0q-33 0-56.5-23.5T600-160q0-33 23.5-56.5T680-240q33 0 56.5 23.5T760-160q0 33-23.5 56.5T680-80ZM40-800v-80h131l170 360h280l156-280h91L692-482q-11 20-29.5 31T622-440H324l-44 80h480v80H280q-45 0-68.5-39t-1.5-79l54-98-144-304H40Z"
                    />
                  </svg>
                </button>
              </div>
            </article>
            <article
              class="_product-card_d6f91d"
            >
              <a
                data-id="15"
                href="/shop/product/view/modal/BIYLACLESEN%20Women's%203-in-1%20Snowboard%20Jacket%20Winter%20Coats"
              >
                <picture
                  class="_product-picture_d6f91d"
                >
                  <img
                    alt="#"
                    class="_product-img_c43253"
                    loading="lazy"
                    src="https://fakestoreapi.com/img/51Y5NI-I5jL._AC_UX679_.jpg"
                  />
                </picture>
                <div
                  class="_product-card-info_d6f91d"
                >
                  <h4>
                    BIYLACLESEN Women's 3-in-1 Snowboard Jacket Winter Coats
                  </h4>
                  <p>
                    $56.99
                  </p>
                </div>
              </a>
              <div
                class="quick-actions _quick-actions_586eb7"
              >
                <button
                  aria-label="add to cart"
                >
                  <svg
                    fill="currentColor"
                    height="24px"
                    viewBox="0 -960 960 960"
                    width="24px"
                    xmlns="http://www.w3.org/2000/svg"
                  >
                    <path
                      d="M440-600v-120H320v-80h120v-120h80v120h120v80H520v120h-80ZM280-80q-33 0-56.5-23.5T200-160q0-33 23.5-56.5T280-240q33 0 56.5 23.5T360-160q0 33-23.5 56.5T280-80Zm400 0q-33 0-56.5-23.5T600-160q0-33 23.5-56.5T680-240q33 0 56.5 23.5T760-160q0 33-23.5 56.5T680-80ZM40-800v-80h131l170 360h280l156-280h91L692-482q-11 20-29.5 31T622-440H324l-44 80h480v80H280q-45 0-68.5-39t-1.5-79l54-98-144-304H40Z"
                    />
                  </svg>
                </button>
              </div>
            </article>
            <article
              class="_product-card_d6f91d"
            >
              <a
                data-id="16"
                href="/shop/product/view/modal/Lock%20and%20Love%20Women's%20Removable%20Hooded%20Faux%20Leather%20Moto%20Biker%20Jacket"
              >
                <picture
                  class="_product-picture_d6f91d"
                >
                  <img
                    alt="#"
                    class="_product-img_c43253"
                    loading="lazy"
                    src="https://fakestoreapi.com/img/81XH0e8fefL._AC_UY879_.jpg"
                  />
                </picture>
                <div
                  class="_product-card-info_d6f91d"
                >
                  <h4>
                    Lock and Love Women's Removable Hooded Faux Leather Moto Biker Jacket
                  </h4>
                  <p>
                    $29.95
                  </p>
                </div>
              </a>
              <div
                class="quick-actions _quick-actions_586eb7"
              >
                <button
                  aria-label="add to cart"
                >
                  <svg
                    fill="currentColor"
                    height="24px"
                    viewBox="0 -960 960 960"
                    width="24px"
                    xmlns="http://www.w3.org/2000/svg"
                  >
                    <path
                      d="M440-600v-120H320v-80h120v-120h80v120h120v80H520v120h-80ZM280-80q-33 0-56.5-23.5T200-160q0-33 23.5-56.5T280-240q33 0 56.5 23.5T360-160q0 33-23.5 56.5T280-80Zm400 0q-33 0-56.5-23.5T600-160q0-33 23.5-56.5T680-240q33 0 56.5 23.5T760-160q0 33-23.5 56.5T680-80ZM40-800v-80h131l170 360h280l156-280h91L692-482q-11 20-29.5 31T622-440H324l-44 80h480v80H280q-45 0-68.5-39t-1.5-79l54-98-144-304H40Z"
                    />
                  </svg>
                </button>
              </div>
            </article>
            <article
              class="_product-card_d6f91d"
            >
              <a
                data-id="17"
                href="/shop/product/view/modal/Rain%20Jacket%20Women%20Windbreaker%20Striped%20Climbing%20Raincoats"
              >
                <picture
                  class="_product-picture_d6f91d"
                >
                  <img
                    alt="#"
                    class="_product-img_c43253"
                    loading="lazy"
                    src="https://fakestoreapi.com/img/71HblAHs5xL._AC_UY879_-2.jpg"
                  />
                </picture>
                <div
                  class="_product-card-info_d6f91d"
                >
                  <h4>
                    Rain Jacket Women Windbreaker Striped Climbing Raincoats
                  </h4>
                  <p>
                    $39.99
                  </p>
                </div>
              </a>
              <div
                class="quick-actions _quick-actions_586eb7"
              >
                <button
                  aria-label="add to cart"
                >
                  <svg
                    fill="currentColor"
                    height="24px"
                    viewBox="0 -960 960 960"
                    width="24px"
                    xmlns="http://www.w3.org/2000/svg"
                  >
                    <path
                      d="M440-600v-120H320v-80h120v-120h80v120h120v80H520v120h-80ZM280-80q-33 0-56.5-23.5T200-160q0-33 23.5-56.5T280-240q33 0 56.5 23.5T360-160q0 33-23.5 56.5T280-80Zm400 0q-33 0-56.5-23.5T600-160q0-33 23.5-56.5T680-240q33 0 56.5 23.5T760-160q0 33-23.5 56.5T680-80ZM40-800v-80h131l170 360h280l156-280h91L692-482q-11 20-29.5 31T622-440H324l-44 80h480v80H280q-45 0-68.5-39t-1.5-79l54-98-144-304H40Z"
                    />
                  </svg>
                </button>
              </div>
            </article>
            <article
              class="_product-card_d6f91d"
            >
              <a
                data-id="18"
                href="/shop/product/view/modal/MBJ%20Women's%20Solid%20Short%20Sleeve%20Boat%20Neck%20V%20"
              >
                <picture
                  class="_product-picture_d6f91d"
                >
                  <img
                    alt="#"
                    class="_product-img_c43253"
                    loading="lazy"
                    src="https://fakestoreapi.com/img/71z3kpMAYsL._AC_UY879_.jpg"
                  />
                </picture>
                <div
                  class="_product-card-info_d6f91d"
                >
                  <h4>
                    MBJ Women's Solid Short Sleeve Boat Neck V 
                  </h4>
                  <p>
                    $9.85
                  </p>
                </div>
              </a>
              <div
                class="quick-actions _quick-actions_586eb7"
              >
                <button
                  aria-label="add to cart"
                >
                  <svg
                    fill="currentColor"
                    height="24px"
                    viewBox="0 -960 960 960"
                    width="24px"
                    xmlns="http://www.w3.org/2000/svg"
                  >
                    <path
                      d="M440-600v-120H320v-80h120v-120h80v120h120v80H520v120h-80ZM280-80q-33 0-56.5-23.5T200-160q0-33 23.5-56.5T280-240q33 0 56.5 23.5T360-160q0 33-23.5 56.5T280-80Zm400 0q-33 0-56.5-23.5T600-160q0-33 23.5-56.5T680-240q33 0 56.5 23.5T760-160q0 33-23.5 56.5T680-80ZM40-800v-80h131l170 360h280l156-280h91L692-482q-11 20-29.5 31T622-440H324l-44 80h480v80H280q-45 0-68.5-39t-1.5-79l54-98-144-304H40Z"
                    />
                  </svg>
                </button>
              </div>
            </article>
            <article
              class="_product-card_d6f91d"
            >
              <a
                data-id="19"
                href="/shop/product/view/modal/Opna%20Women's%20Short%20Sleeve%20Moisture"
              >
                <picture
                  class="_product-picture_d6f91d"
                >
                  <img
                    alt="#"
                    class="_product-img_c43253"
                    loading="lazy"
                    src="https://fakestoreapi.com/img/51eg55uWmdL._AC_UX679_.jpg"
                  />
                </picture>
                <div
                  class="_product-card-info_d6f91d"
                >
                  <h4>
                    Opna Women's Short Sleeve Moisture
                  </h4>
                  <p>
                    $7.95
                  </p>
                </div>
              </a>
              <div
                class="quick-actions _quick-actions_586eb7"
              >
                <button
                  aria-label="add to cart"
                >
                  <svg
                    fill="currentColor"
                    height="24px"
                    viewBox="0 -960 960 960"
                    width="24px"
                    xmlns="http://www.w3.org/2000/svg"
                  >
                    <path
                      d="M440-600v-120H320v-80h120v-120h80v120h120v80H520v120h-80ZM280-80q-33 0-56.5-23.5T200-160q0-33 23.5-56.5T280-240q33 0 56.5 23.5T360-160q0 33-23.5 56.5T280-80Zm400 0q-33 0-56.5-23.5T600-160q0-33 23.5-56.5T680-240q33 0 56.5 23.5T760-160q0 33-23.5 56.5T680-80ZM40-800v-80h131l170 360h280l156-280h91L692-482q-11 20-29.5 31T622-440H324l-44 80h480v80H280q-45 0-68.5-39t-1.5-79l54-98-144-304H40Z"
                    />
                  </svg>
                </button>
              </div>
            </article>
            <article
              class="_product-card_d6f91d"
            >
              <a
                data-id="20"
                href="/shop/product/view/modal/DANVOUY%20Womens%20T%20Shirt%20Casual%20Cotton%20Short"
              >
                <picture
                  class="_product-picture_d6f91d"
                >
                  <img
                    alt="#"
                    class="_product-img_c43253"
                    loading="lazy"
                    src="https://fakestoreapi.com/img/61pHAEJ4NML._AC_UX679_.jpg"
                  />
                </picture>
                <div
                  class="_product-card-info_d6f91d"
                >
                  <h4>
                    DANVOUY Womens T Shirt Casual Cotton Short
                  </h4>
                  <p>
                    $12.99
                  </p>
                </div>
              </a>
              <div
                class="quick-actions _quick-actions_586eb7"
              >
                <button
                  aria-label="add to cart"
                >
                  <svg
                    fill="currentColor"
                    height="24px"
                    viewBox="0 -960 960 960"
                    width="24px"
                    xmlns="http://www.w3.org/2000/svg"
                  >
                    <path
                      d="M440-600v-120H320v-80h120v-120h80v120h120v80H520v120h-80ZM280-80q-33 0-56.5-23.5T200-160q0-33 23.5-56.5T280-240q33 0 56.5 23.5T360-160q0 33-23.5 56.5T280-80Zm400 0q-33 0-56.5-23.5T600-160q0-33 23.5-56.5T680-240q33 0 56.5 23.5T760-160q0 33-23.5 56.5T680-80ZM40-800v-80h131l170 360h280l156-280h91L692-482q-11 20-29.5 31T622-440H324l-44 80h480v80H280q-45 0-68.5-39t-1.5-79l54-98-144-304H40Z"
                    />
                  </svg>
                </button>
              </div>
            </article>
          </section>
        </section>
      </section>
      <div
        class="_scroll-btns-wrapper_9fc73e"
      >
        <div
          class="_scroll-btns-container_9fc73e"
        >
          <button
            class="_scroll-btn-top_9fc73e _hide-scroll-btn_9fc73e"
          >
            <svg
              class="_icon_d9d978"
              fill="currentColor"
              height="24px"
              viewBox="0 -960 960 960"
              width="24px"
              xmlns="http://www.w3.org/2000/svg"
            >
              <path
                d="M440-240v-368L296-464l-56-56 240-240 240 240-56 56-144-144v368h-80Z"
              />
            </svg>
          </button>
          <button
            class="_scroll-btn-bottom_9fc73e _show-scroll-btn_9fc73e"
          >
            <svg
              class="_icon_d9d978"
              fill="currentColor"
              height="24px"
              viewBox="0 -960 960 960"
              width="24px"
              xmlns="http://www.w3.org/2000/svg"
            >
              <path
                d="M480-240 240-480l56-56 144 144v-368h80v368l144-144 56 56-240 240Z"
              />
            </svg>
          </button>
        </div>
      </div>
    </main>
    <footer
      class="_footer_4d8704"
    >
      <div>
        Placeholder
      </div>
    </footer>
  </div>
</div>
`;
