// Vitest Snapshot v1, https://vitest.dev/guide/snapshot.html

exports[`Categories component > The Categories component with categories prop matches snapshot 1`] = `
<div>
  <article
    class="_categories_346161"
  >
    <ul
      class="_categories-list_346161"
    >
      <li>
        <a
          class="_link_32bc69"
          href="/category/electronics"
        >
          electronics
        </a>
      </li>
      <li>
        <a
          class="_link_32bc69"
          href="/category/jewelery"
        >
          jewelery
        </a>
      </li>
      <li>
        <a
          class="_link_32bc69"
          href="/category/men's-clothing"
        >
          men's clothing
        </a>
      </li>
      <li>
        <a
          class="_link_32bc69"
          href="/category/women's-clothing"
        >
          women's clothing
        </a>
      </li>
    </ul>
  </article>
</div>
`;
