// Vitest Snapshot v1, https://vitest.dev/guide/snapshot.html

exports[`InputQuantity component > InputQuantity component is rendered 1`] = `
<div>
  <div>
    <label
      for="quantity"
    />
    <div
      class="_input-btn-container_e589d5"
    >
      <button
        class="_input-btn-left_e589d5"
        type="button"
      >
        -
      </button>
      <input
        class="quantity-input _input_e589d5"
        id="quantity"
        maxlength="3"
        minlength="1"
        name="quantity"
        pattern="/\\d{1,3}/"
        type="text"
        value="1"
      />
      <button
        class="_input-btn-right_e589d5"
        type="button"
      >
        +
      </button>
    </div>
    <p
      class="error-message"
    />
  </div>
</div>
`;
