// Vitest Snapshot v1, https://vitest.dev/guide/snapshot.html

exports[`InputQuantity component > InputQuantity component is rendered 1`] = `
<div>
  <div>
    <label
      for="quantity"
    />
    <div
      class="input-container _input-btn-container_e589d5"
    >
      <button
        aria-label="decrement quantity"
        class="_input-btn-left_e589d5"
        type="button"
      >
        <svg
          fill="currentColor"
          height="24px"
          viewBox="0 -960 960 960"
          width="24px"
          xmlns="http://www.w3.org/2000/svg"
        >
          <path
            d="M200-440v-80h560v80H200Z"
          />
        </svg>
      </button>
      <input
        autocomplete="off"
        class="quantity-input _input_e589d5"
        id="quantity"
        maxlength="3"
        minlength="1"
        name="quantity"
        type="text"
        value="1"
      />
      <button
        aria-label="increment quantity"
        class="_input-btn-right_e589d5"
        type="button"
      >
        <svg
          fill="currentColor"
          height="24px"
          viewBox="0 -960 960 960"
          width="24px"
          xmlns="http://www.w3.org/2000/svg"
        >
          <path
            d="M440-440H200v-80h240v-240h80v240h240v80H520v240h-80v-240Z"
          />
        </svg>
      </button>
    </div>
    <p
      class="error-message _input-error_e589d5"
    />
  </div>
</div>
`;
