// Vitest Snapshot v1, https://vitest.dev/guide/snapshot.html

exports[`Product component > Product component matches snapshot 1`] = `
<article
  class="_product_b0e857"
>
  <h4>
    Opna Women's Short Sleeve Moisture
  </h4>
  <picture>
    <img
      alt="#"
      class="_product-img_c43253"
      loading="lazy"
      src="https://fakestoreapi.com/img/51eg55uWmdL._AC_UX679_.jpg"
    />
  </picture>
  <form
    novalidate=""
  >
    <p>
      100% Polyester, Machine wash, 100% cationic polyester interlock, Machine Wash & Pre Shrunk for a Great Fit, Lightweight, roomy and highly breathable with moisture wicking fabric which helps to keep moisture away, Soft Lightweight Fabric with comfortable V-neck collar and a slimmer fit, delivers a sleek, more feminine silhouette and Added Comfort
    </p>
    <p>
      $7.95
    </p>
    <div>
      <label
        for="quantity"
      />
      <div
        class="_input-btn-container_e589d5"
      >
        <button
          class="_input-btn-left_e589d5"
          type="button"
        >
          -
        </button>
        <input
          autocomplete="off"
          class="quantity-input _input_e589d5"
          id="quantity"
          maxlength="3"
          minlength="1"
          name="quantity"
          type="text"
          value="1"
        />
        <button
          class="_input-btn-right_e589d5"
          type="button"
        >
          +
        </button>
      </div>
      <p
        class="error-message"
      />
    </div>
    <button
      type="submit"
    >
      Add to cart
    </button>
  </form>
</article>
`;
